C51 COMPILER V9.59.0.0   DATE                                                              01/09/2019 16:53:21 PAGE 1   


C51 COMPILER V9.59.0.0, COMPILATION OF MODULE DATE
OBJECT MODULE PLACED IN Date.OBJ
COMPILER INVOKED BY: C:\Keil_v5\C51\BIN\C51.EXE Date.c OPTIMIZE(8,SPEED) BROWSE DEBUG OBJECTEXTEND TABS(2)

line level    source

   1          #include "Date.h"
   2          #include "Utility.h"
   3          
   4          void Date_ToString(DATE *date, char *str)
   5          {
   6   1        Int_To_Chars(DATE_GET_YEAR(*date), 4, str);
   7   1        str[4] = '.';
   8   1        Int_To_Chars(DATE_GET_MONTH(*date), 2, &(str[5]));
   9   1        str[7] = '.';
  10   1        Int_To_Chars(DATE_GET_DAY(*date), 2, &(str[8]));
  11   1        str[10] = '\0';
  12   1      }


MODULE INFORMATION:   STATIC OVERLAYABLE
   CODE SIZE        =    146    ----
   CONSTANT SIZE    =   ----    ----
   XDATA SIZE       =   ----    ----
   PDATA SIZE       =   ----    ----
   DATA SIZE        =   ----       6
   IDATA SIZE       =   ----    ----
   BIT SIZE         =   ----    ----
END OF MODULE INFORMATION.


C51 COMPILATION COMPLETE.  0 WARNING(S),  0 ERROR(S)
