C51 COMPILER V9.59.0.0   TASKSELECTOR                                                      01/10/2019 23:20:40 PAGE 1   


C51 COMPILER V9.59.0.0, COMPILATION OF MODULE TASKSELECTOR
OBJECT MODULE PLACED IN TaskSelector.OBJ
COMPILER INVOKED BY: C:\Keil_v5\C51\BIN\C51.EXE TaskSelector.c OPTIMIZE(8,SPEED) BROWSE DEBUG OBJECTEXTEND TABS(2)

line level    source

   1          #include "Looper\\Looper.h"
   2          #include "DateInterface.h"
   3          #include "ClockInterface.h"
   4          #include "StopwatchTask.h"
   5          #include "Input.h"
   6          #include "TaskSelector.h"
   7          #include "AlarmTask.h"
   8          
   9          #define TASKSELECTOR_KEYCODE INPUT_TOKEYCODE(4, 1)
  10          
  11          char taskSelector_Mode = TASKSELECTOR_MODE_CLOCK;
  12          void TaskSelector_LooperUpdate()
  13          {
  14   1        if(Input_GetKeyDown() == TASKSELECTOR_KEYCODE)
  15   1        {
  16   2          if(taskSelector_Mode == TASKSELECTOR_MODE_CLOCK)
  17   2          {
  18   3            ClockInterface_ExitTask();
  19   3            DateInterface_EnterTask();
  20   3            taskSelector_Mode = TASKSELECTOR_MODE_DATE;
  21   3          }
  22   2          else if(taskSelector_Mode == TASKSELECTOR_MODE_DATE)
  23   2          {
  24   3            DateInterface_ExitTask();
  25   3            StopwatchTask_EnterTask();
  26   3            taskSelector_Mode = TASKSELECTOR_MODE_STOPWATCH;
  27   3          }
  28   2          else if(taskSelector_Mode == TASKSELECTOR_MODE_STOPWATCH)
  29   2          {
  30   3            StopwatchTask_ExitTask();
  31   3            AlarmTask_EnterTask();
  32   3            taskSelector_Mode = TASKSELECTOR_MODE_ALARM;
  33   3          }
  34   2          else if(taskSelector_Mode == TASKSELECTOR_MODE_ALARM)
  35   2          {
  36   3            AlarmTask_ExitTask();
  37   3            ClockInterface_EnterTask();
  38   3            taskSelector_Mode = TASKSELECTOR_MODE_CLOCK;
  39   3          }
  40   2        }
  41   1      }


MODULE INFORMATION:   STATIC OVERLAYABLE
   CODE SIZE        =    102    ----
   CONSTANT SIZE    =   ----    ----
   XDATA SIZE       =   ----    ----
   PDATA SIZE       =   ----    ----
   DATA SIZE        =      1    ----
   IDATA SIZE       =   ----    ----
   BIT SIZE         =   ----    ----
END OF MODULE INFORMATION.


C51 COMPILATION COMPLETE.  0 WARNING(S),  0 ERROR(S)
