C51 COMPILER V9.59.0.0   TESTTASK                                                          01/10/2019 23:20:40 PAGE 1   


C51 COMPILER V9.59.0.0, COMPILATION OF MODULE TESTTASK
OBJECT MODULE PLACED IN TestTask.OBJ
COMPILER INVOKED BY: C:\Keil_v5\C51\BIN\C51.EXE TestTask.c OPTIMIZE(8,SPEED) BROWSE DEBUG OBJECTEXTEND TABS(2)

line level    source

   1          #include "Looper\\Looper.h"
   2          #include "TestTask.h"
   3          
   4          void TestTask_LooperUpdate(LOOPER *looper)
   5          {
   6   1        //looper->deltaTime;
   7   1      }
*** WARNING C280 IN LINE 4 OF TestTask.c: 'looper': unreferenced local variable


MODULE INFORMATION:   STATIC OVERLAYABLE
   CODE SIZE        =      7    ----
   CONSTANT SIZE    =   ----    ----
   XDATA SIZE       =   ----    ----
   PDATA SIZE       =   ----    ----
   DATA SIZE        =   ----       3
   IDATA SIZE       =   ----    ----
   BIT SIZE         =   ----    ----
END OF MODULE INFORMATION.


C51 COMPILATION COMPLETE.  1 WARNING(S),  0 ERROR(S)
